{"timestamp": "2026-04-15T12:34:42.523428", "level": "INFO", "logger": "mortgage_api", "message": "Analyzing application: income=52000.0, loan=150000.0"}
{"timestamp": "2026-04-15T12:34:42.771974", "level": "INFO", "logger": "mortgage_api", "message": "Analysis complete: decision=APPROVE, risk=LOW"}
{"timestamp": "2026-04-18T07:46:24.029848", "level": "INFO", "logger": "mortgage_api", "message": "Analyzing application: income=52000.0, loan=150000.0"}
{"timestamp": "2026-04-18T07:46:24.388537", "level": "INFO", "logger": "mortgage_api", "message": "Analysis complete: decision=APPROVE, risk=LOW"}
{"timestamp": "2026-04-18T07:46:33.672569", "level": "INFO", "logger": "mortgage_api", "message": "Analyzing application: income=6000.0, loan=100000.0"}
{"timestamp": "2026-04-18T07:46:33.978564", "level": "INFO", "logger": "mortgage_api", "message": "Analyzing application: income=6000.0, loan=100000.0"}
{"timestamp": "2026-04-18T07:46:33.990129", "level": "INFO", "logger": "mortgage_api", "message": "Analysis complete: decision=CONDITIONAL, risk=MEDIUM"}
{"timestamp": "2026-04-18T07:46:34.287076", "level": "INFO", "logger": "mortgage_api", "message": "Analysis complete: decision=CONDITIONAL, risk=MEDIUM"}
{"timestamp": "2026-04-18T07:46:44.311748", "level": "INFO", "logger": "mortgage_api", "message": "Analyzing application: income=6000.0, loan=100000.0"}
{"timestamp": "2026-04-18T07:46:44.634679", "level": "INFO", "logger": "mortgage_api", "message": "Analysis complete: decision=CONDITIONAL, risk=MEDIUM"}
{"timestamp": "2026-04-18T07:48:44.993738", "level": "INFO", "logger": "mortgage_api", "message": "Analyzing application: income=50000.0, loan=200000.0"}
{"timestamp": "2026-04-18T07:48:45.084758", "level": "INFO", "logger": "mortgage_api", "message": "Analysis complete: decision=CONDITIONAL, risk=MEDIUM"}
{"timestamp": "2026-04-18T08:01:27.353827", "level": "INFO", "logger": "mortgage_api", "message": "Analyzing application: income=50000.0, loan=15000.0"}
{"timestamp": "2026-04-18T08:01:27.732678", "level": "INFO", "logger": "mortgage_api", "message": "Analysis complete: decision=APPROVE, risk=LOW"}
{"timestamp": "2026-04-18T10:37:22.709718", "level": "INFO", "logger": "mortgage_api", "message": "Analyzing application: income=50000.0, loan=100000.0"}
{"timestamp": "2026-04-18T10:37:22.979022", "level": "INFO", "logger": "mortgage_api", "message": "Analysis complete: decision=APPROVE, risk=LOW"}
{"timestamp": "2026-04-18T10:39:38.077383", "level": "INFO", "logger": "mortgage_api", "message": "Analyzing application: income=6000.0, loan=100000.0"}
{"timestamp": "2026-04-18T10:39:38.093274", "level": "INFO", "logger": "mortgage_api", "message": "Analyzing application: income=6000.0, loan=100000.0"}
{"timestamp": "2026-04-18T10:39:38.436799", "level": "INFO", "logger": "mortgage_api", "message": "Analysis complete: decision=CONDITIONAL, risk=MEDIUM"}
{"timestamp": "2026-04-18T10:39:38.445286", "level": "INFO", "logger": "mortgage_api", "message": "Analysis complete: decision=CONDITIONAL, risk=MEDIUM"}
{"timestamp": "2026-04-18T10:39:54.408290", "level": "INFO", "logger": "mortgage_api", "message": "Analyzing application: income=60000.0, loan=100000.0"}
{"timestamp": "2026-04-18T10:39:54.577700", "level": "INFO", "logger": "mortgage_api", "message": "Analysis complete: decision=APPROVE, risk=LOW"}
{"timestamp": "2026-04-18T10:40:19.508188", "level": "INFO", "logger": "mortgage_api", "message": "Analyzing application: income=60000.0, loan=100000.0"}
{"timestamp": "2026-04-18T10:40:19.675596", "level": "INFO", "logger": "mortgage_api", "message": "Analysis complete: decision=CONDITIONAL, risk=MEDIUM"}
{"timestamp": "2026-04-18T10:40:29.072543", "level": "INFO", "logger": "mortgage_api", "message": "Analyzing application: income=60000.0, loan=100000.0"}
{"timestamp": "2026-04-18T10:40:29.250019", "level": "INFO", "logger": "mortgage_api", "message": "Analysis complete: decision=CONDITIONAL, risk=MEDIUM"}
{"timestamp": "2026-04-18T10:40:36.879131", "level": "INFO", "logger": "mortgage_api", "message": "Analyzing application: income=60000.0, loan=100000.0"}
{"timestamp": "2026-04-18T10:40:37.059558", "level": "INFO", "logger": "mortgage_api", "message": "Analysis complete: decision=CONDITIONAL, risk=MEDIUM"}
{"timestamp": "2026-04-18T10:44:48.864896", "level": "INFO", "logger": "mortgage_api", "message": "Analyzing application: income=6000.0, loan=100000.0"}
{"timestamp": "2026-04-18T10:44:48.890350", "level": "INFO", "logger": "mortgage_api", "message": "Analyzing application: income=6000.0, loan=100000.0"}
{"timestamp": "2026-04-18T10:44:49.232451", "level": "INFO", "logger": "mortgage_api", "message": "Analysis complete: decision=CONDITIONAL, risk=MEDIUM"}
{"timestamp": "2026-04-18T10:44:49.243045", "level": "INFO", "logger": "mortgage_api", "message": "Analysis complete: decision=CONDITIONAL, risk=MEDIUM"}
{"timestamp": "2026-04-18T10:44:51.423474", "level": "INFO", "logger": "mortgage_api", "message": "Analyzing application: income=6000.0, loan=100000.0"}
{"timestamp": "2026-04-18T10:44:51.439903", "level": "INFO", "logger": "mortgage_api", "message": "Analyzing application: income=6000.0, loan=100000.0"}
{"timestamp": "2026-04-18T10:44:51.787770", "level": "INFO", "logger": "mortgage_api", "message": "Analysis complete: decision=CONDITIONAL, risk=MEDIUM"}
{"timestamp": "2026-04-18T10:44:51.806811", "level": "INFO", "logger": "mortgage_api", "message": "Analysis complete: decision=CONDITIONAL, risk=MEDIUM"}
{"timestamp": "2026-04-21T17:47:35.660892", "level": "INFO", "logger": "mortgage_api", "message": "Analyzing application: income=50000.0, loan=100000.0"}
{"timestamp": "2026-04-21T17:47:35.860501", "level": "INFO", "logger": "mortgage_api", "message": "Analysis complete: decision=CONDITIONAL, risk=MEDIUM"}
{"timestamp": "2026-04-21T17:48:24.871493", "level": "INFO", "logger": "mortgage_api", "message": "Analyzing application: income=6000.0, loan=100000.0"}
{"timestamp": "2026-04-21T17:48:24.880636", "level": "INFO", "logger": "mortgage_api", "message": "Analyzing application: income=6000.0, loan=100000.0"}
{"timestamp": "2026-04-21T17:48:25.219977", "level": "INFO", "logger": "mortgage_api", "message": "Analysis complete: decision=CONDITIONAL, risk=MEDIUM"}
{"timestamp": "2026-04-21T17:48:25.236262", "level": "INFO", "logger": "mortgage_api", "message": "Analysis complete: decision=CONDITIONAL, risk=MEDIUM"}
{"timestamp": "2026-04-21T17:48:41.033968", "level": "INFO", "logger": "mortgage_api", "message": "Analyzing application: income=6000.0, loan=100000.0"}
{"timestamp": "2026-04-21T17:48:41.211890", "level": "INFO", "logger": "mortgage_api", "message": "Analysis complete: decision=CONDITIONAL, risk=MEDIUM"}
{"timestamp": "2026-04-21T17:48:55.409815", "level": "INFO", "logger": "mortgage_api", "message": "Analyzing application: income=6000.0, loan=100000.0"}
{"timestamp": "2026-04-21T17:48:55.581958", "level": "INFO", "logger": "mortgage_api", "message": "Analysis complete: decision=CONDITIONAL, risk=MEDIUM"}
{"timestamp": "2026-04-24T11:06:46.311408", "level": "INFO", "logger": "mortgage_api", "message": "Analyzing application: income=45000.0, loan=500000.0"}
{"timestamp": "2026-04-24T11:06:46.717736", "level": "INFO", "logger": "mortgage_api", "message": "Analysis complete: decision=REJECT, risk=HIGH"}
{"timestamp": "2026-04-24T11:10:36.934840", "level": "INFO", "logger": "mortgage_api", "message": "Analyzing application: income=6000.0, loan=100000.0"}
{"timestamp": "2026-04-24T11:10:36.971876", "level": "INFO", "logger": "mortgage_api", "message": "Analyzing application: income=6000.0, loan=100000.0"}
{"timestamp": "2026-04-24T11:10:37.573908", "level": "INFO", "logger": "mortgage_api", "message": "Analysis complete: decision=CONDITIONAL, risk=MEDIUM"}
{"timestamp": "2026-04-24T11:10:37.608383", "level": "INFO", "logger": "mortgage_api", "message": "Analysis complete: decision=REJECT, risk=MEDIUM"}
{"timestamp": "2026-04-24T11:10:48.821155", "level": "INFO", "logger": "mortgage_api", "message": "Analyzing application: income=60000.0, loan=100000.0"}
{"timestamp": "2026-04-24T11:10:49.148963", "level": "INFO", "logger": "mortgage_api", "message": "Analysis complete: decision=APPROVE, risk=LOW"}
{"timestamp": "2026-04-24T11:13:38.203708", "level": "INFO", "logger": "mortgage_api", "message": "Analyzing application: income=6000.0, loan=100000.0"}
{"timestamp": "2026-04-24T11:13:38.512447", "level": "INFO", "logger": "mortgage_api", "message": "Analyzing application: income=6000.0, loan=100000.0"}
{"timestamp": "2026-04-24T11:13:38.533515", "level": "INFO", "logger": "mortgage_api", "message": "Analysis complete: decision=CONDITIONAL, risk=MEDIUM"}
{"timestamp": "2026-04-24T11:13:38.845999", "level": "INFO", "logger": "mortgage_api", "message": "Analysis complete: decision=CONDITIONAL, risk=MEDIUM"}
{"timestamp": "2026-04-26T09:51:38.348608", "level": "INFO", "logger": "mortgage_api", "message": "Analyzing application: income=7083.0, loan=250000.0"}
{"timestamp": "2026-04-26T09:51:38.468277", "level": "INFO", "logger": "mortgage_api", "message": "Analysis complete: decision=CONDITIONAL, risk=MEDIUM"}
{"timestamp": "2026-04-26T09:52:05.252593", "level": "INFO", "logger": "mortgage_api", "message": "Analyzing application: income=7083.0, loan=250000.0"}
{"timestamp": "2026-04-26T09:52:05.356847", "level": "INFO", "logger": "mortgage_api", "message": "Analysis complete: decision=CONDITIONAL, risk=MEDIUM"}
{"timestamp": "2026-04-26T09:52:24.441345", "level": "INFO", "logger": "mortgage_api", "message": "Analyzing application: income=7083.0, loan=250000.0"}
{"timestamp": "2026-04-26T09:52:24.533727", "level": "INFO", "logger": "mortgage_api", "message": "Analysis complete: decision=CONDITIONAL, risk=MEDIUM"}
{"timestamp": "2026-04-26T09:53:19.290462", "level": "INFO", "logger": "mortgage_api", "message": "Analyzing application: income=7083.0, loan=250000.0"}
{"timestamp": "2026-04-26T09:53:19.393374", "level": "INFO", "logger": "mortgage_api", "message": "Analysis complete: decision=CONDITIONAL, risk=MEDIUM"}
{"timestamp": "2026-04-26T10:23:32.427845", "level": "INFO", "logger": "mortgage_api", "message": "Analyzing application: income=6000.0, loan=100000.0"}
{"timestamp": "2026-04-26T10:23:32.568557", "level": "INFO", "logger": "mortgage_api", "message": "Analyzing application: income=6000.0, loan=100000.0"}
{"timestamp": "2026-04-26T10:23:35.401184", "level": "INFO", "logger": "mortgage_api", "message": "Analysis complete: decision=CONDITIONAL, risk=MEDIUM"}
{"timestamp": "2026-04-26T10:23:35.433868", "level": "INFO", "logger": "mortgage_api", "message": "Analysis complete: decision=CONDITIONAL, risk=MEDIUM"}
{"timestamp": "2026-04-26T10:25:15.024780", "level": "INFO", "logger": "mortgage_api", "message": "Analyzing application: income=6000.0, loan=100000.0"}
{"timestamp": "2026-04-26T10:25:15.034126", "level": "INFO", "logger": "mortgage_api", "message": "Analyzing application: income=6000.0, loan=100000.0"}
{"timestamp": "2026-04-26T10:25:15.504313", "level": "INFO", "logger": "mortgage_api", "message": "Analysis complete: decision=REJECT, risk=MEDIUM"}
{"timestamp": "2026-04-26T10:25:15.629442", "level": "INFO", "logger": "mortgage_api", "message": "Analysis complete: decision=REJECT, risk=MEDIUM"}
{"timestamp": "2026-04-26T10:26:43.935809", "level": "INFO", "logger": "mortgage_api", "message": "Analyzing application: income=6000.0, loan=100000.0"}
{"timestamp": "2026-04-26T10:26:43.997718", "level": "INFO", "logger": "mortgage_api", "message": "Analyzing application: income=6000.0, loan=100000.0"}
{"timestamp": "2026-04-26T10:26:45.979930", "level": "INFO", "logger": "mortgage_api", "message": "Analysis complete: decision=CONDITIONAL, risk=MEDIUM"}
{"timestamp": "2026-04-26T10:26:46.002941", "level": "INFO", "logger": "mortgage_api", "message": "Analysis complete: decision=CONDITIONAL, risk=MEDIUM"}
{"timestamp": "2026-04-30T08:23:40.913577", "level": "INFO", "logger": "mortgage_api", "message": "Analyzing application: income=45000.0, loan=500000.0"}
{"timestamp": "2026-04-30T08:23:41.228420", "level": "INFO", "logger": "mortgage_api", "message": "Analysis complete: decision=REJECT, risk=HIGH"}
{"timestamp": "2026-04-30T08:25:33.867290", "level": "INFO", "logger": "mortgage_api", "message": "Analyzing application: income=6000.0, loan=100000.0"}
{"timestamp": "2026-04-30T08:25:33.900875", "level": "INFO", "logger": "mortgage_api", "message": "Analyzing application: income=6000.0, loan=100000.0"}
{"timestamp": "2026-04-30T08:25:34.237047", "level": "INFO", "logger": "mortgage_api", "message": "Analysis complete: decision=CONDITIONAL, risk=MEDIUM"}
{"timestamp": "2026-04-30T08:25:34.252347", "level": "INFO", "logger": "mortgage_api", "message": "Analysis complete: decision=CONDITIONAL, risk=MEDIUM"}
{"timestamp": "2026-04-30T08:25:42.345887", "level": "INFO", "logger": "mortgage_api", "message": "Analyzing application: income=6000.0, loan=100000.0"}
{"timestamp": "2026-04-30T08:25:42.530781", "level": "INFO", "logger": "mortgage_api", "message": "Analysis complete: decision=CONDITIONAL, risk=MEDIUM"}
{"timestamp": "2026-04-30T08:26:08.914747", "level": "INFO", "logger": "mortgage_api", "message": "Analyzing application: income=6000.0, loan=100000.0"}
{"timestamp": "2026-04-30T08:26:09.070245", "level": "INFO", "logger": "mortgage_api", "message": "Analysis complete: decision=CONDITIONAL, risk=MEDIUM"}
